// Jest Snapshot v1, https://goo.gl/fbAQLP

exports[`renders 1`] = `
<span
  aria-hidden="true"
  className="fa fa-name"
/>
`;
