// Jest Snapshot v1, https://goo.gl/fbAQLP

exports[`PasswordEntropy 1`] = `
<React.Fragment>
  <WithStyles(Typography)
    gutterBottom={true}
    variant="headline"
  >
    Password Entropy
  </WithStyles(Typography)>
  <WithStyles(Typography)
    gutterBottom={true}
  >
    A simple entropy calculator for evaluating password security.
  </WithStyles(Typography)>
  <WithStyles(GridWrapper)
    container={true}
  >
    <WithStyles(GridWrapper)
      item={true}
      sm={6}
      xs={12}
    >
      <Card
        raised={false}
      >
        <WithStyles(CardContent)>
          <WithStyles(Typography)
            gutterBottom={true}
            variant="title"
          >
            Options
          </WithStyles(Typography)>
          <TextField
            autoFocus={true}
            label="Number of Items"
            min="0"
            onChange={[Function]}
            required={false}
            select={false}
            type="number"
            value={12}
          />
        </WithStyles(CardContent)>
        <Options
          onCustom={[Function]}
          onGeneric={[Function]}
          onOptionsKey={[Function]}
          options={
            Object {
              "Custom": 0,
              "Generic": Object {
                "Lowercase Letters": true,
                "Numbers": true,
                "Symbols": true,
                "Uppercase Letters": true,
              },
            }
          }
          optionsKey="Generic"
        />
      </Card>
    </WithStyles(GridWrapper)>
    <WithStyles(GridWrapper)
      item={true}
      sm={6}
      xs={12}
    >
      <PossiblePasswordsContainer
        length={12}
        options={
          Object {
            "Custom": 0,
            "Generic": Object {
              "Lowercase Letters": true,
              "Numbers": true,
              "Symbols": true,
              "Uppercase Letters": true,
            },
          }
        }
        optionsKey="Generic"
      />
    </WithStyles(GridWrapper)>
  </WithStyles(GridWrapper)>
</React.Fragment>
`;
