// Jest Snapshot v1, https://goo.gl/fbAQLP

exports[`PossiblePasswords approximate 1`] = `
<Panel
  bsClass="panel"
  bsStyle="default"
  defaultExpanded={false}
>
  <FormGroup
    icon="list"
    id="entropy"
    label="Entropy"
  >
    <ProgressBar
      active={false}
      bsClass="progress-bar"
      bsStyle="info"
      isChild={false}
      label="77.55 bits (Strong)"
      max={128}
      min={0}
      now={77.54887502163469}
      srOnly={false}
      striped={false}
    />
  </FormGroup>
  <FormGroup
    icon="random"
    id="possiblePasswords"
    label="PossiblePasswords"
  >
    <FormControlStatic
      bsClass="form-control-static"
      componentClass="p"
    >
      ~ 
      221,073,919,720,733,000,000,000
    </FormControlStatic>
  </FormGroup>
</Panel>
`;

exports[`PossiblePasswords exact 1`] = `
<Panel
  bsClass="panel"
  bsStyle="default"
  defaultExpanded={false}
>
  <FormGroup
    icon="list"
    id="entropy"
    label="Entropy"
  >
    <ProgressBar
      active={false}
      bsClass="progress-bar"
      bsStyle="info"
      isChild={false}
      label="77.55 bits (Strong)"
      max={128}
      min={0}
      now={77.54887502163469}
      srOnly={false}
      striped={false}
    />
  </FormGroup>
  <FormGroup
    icon="random"
    id="possiblePasswords"
    label="PossiblePasswords"
  >
    <FormControlStatic
      bsClass="form-control-static"
      componentClass="p"
    >
      221,073,919,720,733,000,000,000
    </FormControlStatic>
  </FormGroup>
</Panel>
`;
