// Jest Snapshot v1, https://goo.gl/fbAQLP

exports[`Diceware 1`] = `
<TextField
  disabled={true}
  label="Possible Items"
  required={false}
  select={false}
  value={7776}
/>
`;
