// Jest Snapshot v1, https://goo.gl/fbAQLP

exports[`Options 1`] = `
<Card
  expandable={false}
  expanded={null}
  initiallyExpanded={false}
>
  <Tabs
    initialSelectedIndex={0}
    onChange={[Function]}
    value="generic"
  >
    <Tab
      icon={<NavigationCheck />}
      label="Generic"
      value="generic"
    >
      <CardText>
        <Connect(Generic) />
      </CardText>
    </Tab>
    <Tab
      icon={<ActionBook />}
      label="Diceware"
      value="diceware"
    >
      <CardText>
        <Diceware />
      </CardText>
    </Tab>
    <Tab
      icon={<ImageEdit />}
      label="Custom"
      value="custom"
    >
      <CardText>
        <Connect(Custom) />
      </CardText>
    </Tab>
  </Tabs>
</Card>
`;
