// Jest Snapshot v1, https://goo.gl/fbAQLP

exports[`AppContainer 1`] = `
<App
  length={12}
  onCustom={[Function]}
  onGeneric={[Function]}
  onLength={[Function]}
  onOptionsKey={[Function]}
  options={
    Object {
      "Custom": 0,
      "Generic": Object {
        "Lowercase Letters": true,
        "Numbers": true,
        "Symbols": true,
        "Uppercase Letters": true,
      },
    }
  }
  optionsKey="Generic"
/>
`;
